// Jest Snapshot v1, https://goo.gl/fbAQLP

exports[`Loader functional rendered properly 1`] = `
<div
  className="container"
>
  <h1>
    Please, wait, weather is loading...
  </h1>
  <img
    alt="Weather is loading"
    src="https://anatomised.com/wp-content/uploads/2016/05/spinner-test4.gif"
    width="100px"
  />
</div>
`;
